Test (macos-latest)	Set up job	﻿2026-06-28T00:08:32.9783160Z Current runner version: '2.335.1'
Test (macos-latest)	Set up job	2026-06-28T00:08:32.9797870Z ##[group]Runner Image Provisioner
Test (macos-latest)	Set up job	2026-06-28T00:08:32.9798380Z Hosted Compute Agent
Test (macos-latest)	Set up job	2026-06-28T00:08:32.9798740Z Version: 20260611.554
Test (macos-latest)	Set up job	2026-06-28T00:08:32.9799140Z Commit: 5e0782fdc9014723d3be820dd114dd31555c2bd1
Test (macos-latest)	Set up job	2026-06-28T00:08:32.9799590Z Build Date: 2026-06-11T21:40:46Z
Test (macos-latest)	Set up job	2026-06-28T00:08:32.9800030Z Worker ID: {ce3aeee0-eada-47c8-bdfd-d589b6b55804}
Test (macos-latest)	Set up job	2026-06-28T00:08:32.9800480Z Azure Region: westus
Test (macos-latest)	Set up job	2026-06-28T00:08:32.9800830Z ##[endgroup]
Test (macos-latest)	Set up job	2026-06-28T00:08:32.9801630Z ##[group]Operating System
Test (macos-latest)	Set up job	2026-06-28T00:08:32.9802020Z macOS
Test (macos-latest)	Set up job	2026-06-28T00:08:32.9802340Z 26.4
Test (macos-latest)	Set up job	2026-06-28T00:08:32.9802660Z 25E246
Test (macos-latest)	Set up job	2026-06-28T00:08:32.9802990Z ##[endgroup]
Test (macos-latest)	Set up job	2026-06-28T00:08:32.9803330Z ##[group]Runner Image
Test (macos-latest)	Set up job	2026-06-28T00:08:32.9803700Z Image: macos-26-arm64
Test (macos-latest)	Set up job	2026-06-28T00:08:32.9804070Z Version: 20260623.0192.1
Test (macos-latest)	Set up job	2026-06-28T00:08:32.9804790Z Included Software: https://github.com/actions/runner-images/blob/macos-26-arm64/20260623.0192/images/macos/macos-26-arm64-Readme.md
Test (macos-latest)	Set up job	2026-06-28T00:08:32.9805860Z Image Release: https://github.com/actions/runner-images/releases/tag/macos-26-arm64%2F20260623.0192
Test (macos-latest)	Set up job	2026-06-28T00:08:32.9806500Z ##[endgroup]
Test (macos-latest)	Set up job	2026-06-28T00:08:32.9807430Z ##[group]GITHUB_TOKEN Permissions
Test (macos-latest)	Set up job	2026-06-28T00:08:32.9808400Z Contents: read
Test (macos-latest)	Set up job	2026-06-28T00:08:32.9808790Z Metadata: read
Test (macos-latest)	Set up job	2026-06-28T00:08:32.9809150Z Packages: read
Test (macos-latest)	Set up job	2026-06-28T00:08:32.9809680Z ##[endgroup]
Test (macos-latest)	Set up job	2026-06-28T00:08:32.9811040Z Secret source: Actions
Test (macos-latest)	Set up job	2026-06-28T00:08:32.9811490Z Prepare workflow directory
Test (macos-latest)	Set up job	2026-06-28T00:08:33.0057010Z Prepare all required actions
Test (macos-latest)	Set up job	2026-06-28T00:08:33.0085810Z Getting action download info
Test (macos-latest)	Set up job	2026-06-28T00:08:33.3781930Z Download action repository 'actions/checkout@v7' (SHA:9c091bb21b7c1c1d1991bb908d89e4e9dddfe3e0)
Test (macos-latest)	Set up job	2026-06-28T00:08:33.7923260Z Download action repository 'dtolnay/rust-toolchain@stable' (SHA:29eef336d9b2848a0b548edc03f92a220660cdb8)
Test (macos-latest)	Set up job	2026-06-28T00:08:34.0649910Z Download action repository 'Swatinem/rust-cache@v2' (SHA:e18b497796c12c097a38f9edb9d0641fb99eee32)
Test (macos-latest)	Set up job	2026-06-28T00:08:34.6181050Z Complete job name: Test (macos-latest)
Test (macos-latest)	Run actions/checkout@v7	﻿2026-06-28T00:08:34.6576540Z ##[group]Run actions/checkout@v7
Test (macos-latest)	Run actions/checkout@v7	2026-06-28T00:08:34.6577070Z with:
Test (macos-latest)	Run actions/checkout@v7	2026-06-28T00:08:34.6577390Z   repository: drawmeanelephant/rustodian
Test (macos-latest)	Run actions/checkout@v7	2026-06-28T00:08:34.6580470Z   token: ***
Test (macos-latest)	Run actions/checkout@v7	2026-06-28T00:08:34.6580920Z   ssh-strict: true
Test (macos-latest)	Run actions/checkout@v7	2026-06-28T00:08:34.6581300Z   ssh-user: git
Test (macos-latest)	Run actions/checkout@v7	2026-06-28T00:08:34.6581630Z   persist-credentials: true
Test (macos-latest)	Run actions/checkout@v7	2026-06-28T00:08:34.6581990Z   clean: true
Test (macos-latest)	Run actions/checkout@v7	2026-06-28T00:08:34.6582330Z   sparse-checkout-cone-mode: true
Test (macos-latest)	Run actions/checkout@v7	2026-06-28T00:08:34.6582710Z   fetch-depth: 1
Test (macos-latest)	Run actions/checkout@v7	2026-06-28T00:08:34.6583030Z   fetch-tags: false
Test (macos-latest)	Run actions/checkout@v7	2026-06-28T00:08:34.6583360Z   show-progress: true
Test (macos-latest)	Run actions/checkout@v7	2026-06-28T00:08:34.6583690Z   lfs: false
Test (macos-latest)	Run actions/checkout@v7	2026-06-28T00:08:34.6583990Z   submodules: false
Test (macos-latest)	Run actions/checkout@v7	2026-06-28T00:08:34.6584320Z   set-safe-directory: true
Test (macos-latest)	Run actions/checkout@v7	2026-06-28T00:08:34.6584690Z   allow-unsafe-pr-checkout: false
Test (macos-latest)	Run actions/checkout@v7	2026-06-28T00:08:34.6585150Z env:
Test (macos-latest)	Run actions/checkout@v7	2026-06-28T00:08:34.6585450Z   CARGO_TERM_COLOR: always
Test (macos-latest)	Run actions/checkout@v7	2026-06-28T00:08:34.6585800Z   RUSTFLAGS: -Dwarnings
Test (macos-latest)	Run actions/checkout@v7	2026-06-28T00:08:34.6586150Z ##[endgroup]
Test (macos-latest)	Run actions/checkout@v7	2026-06-28T00:08:35.1230400Z Syncing repository: drawmeanelephant/rustodian
Test (macos-latest)	Run actions/checkout@v7	2026-06-28T00:08:35.1262960Z ##[group]Getting Git version info
Test (macos-latest)	Run actions/checkout@v7	2026-06-28T00:08:35.1365720Z Working directory is '/Users/runner/work/rustodian/rustodian'
Test (macos-latest)	Run actions/checkout@v7	2026-06-28T00:08:35.1367180Z [command]/opt/homebrew/bin/git version
Test (macos-latest)	Run actions/checkout@v7	2026-06-28T00:08:35.2123450Z git version 2.54.0
Test (macos-latest)	Run actions/checkout@v7	2026-06-28T00:08:35.2129150Z ##[endgroup]
Test (macos-latest)	Run actions/checkout@v7	2026-06-28T00:08:35.2135620Z Copying '/Users/runner/.gitconfig' to '/Users/runner/work/_temp/a7e36b7d-de5c-4f70-807c-d4a0a896aac2/.gitconfig'
Test (macos-latest)	Run actions/checkout@v7	2026-06-28T00:08:35.2137340Z Temporarily overriding HOME='/Users/runner/work/_temp/a7e36b7d-de5c-4f70-807c-d4a0a896aac2' before making global git config changes
Test (macos-latest)	Run actions/checkout@v7	2026-06-28T00:08:35.2138950Z Adding repository directory to the temporary git global config as a safe directory
Test (macos-latest)	Run actions/checkout@v7	2026-06-28T00:08:35.2140370Z [command]/opt/homebrew/bin/git config --global --add safe.directory /Users/runner/work/rustodian/rustodian
Test (macos-latest)	Run actions/checkout@v7	2026-06-28T00:08:35.2142960Z Deleting the contents of '/Users/runner/work/rustodian/rustodian'
Test (macos-latest)	Run actions/checkout@v7	2026-06-28T00:08:35.2145650Z ##[group]Determining repository object format
Test (macos-latest)	Run actions/checkout@v7	2026-06-28T00:08:35.2146620Z ##[endgroup]
Test (macos-latest)	Run actions/checkout@v7	2026-06-28T00:08:35.2147690Z ##[group]Initializing the repository
Test (macos-latest)	Run actions/checkout@v7	2026-06-28T00:08:35.2148760Z [command]/opt/homebrew/bin/git init /Users/runner/work/rustodian/rustodian
Test (macos-latest)	Run actions/checkout@v7	2026-06-28T00:08:35.2296700Z hint: Using 'master' as the name for the initial branch. This default branch name
Test (macos-latest)	Run actions/checkout@v7	2026-06-28T00:08:35.2299210Z hint: will change to "main" in Git 3.0. To configure the initial branch name
Test (macos-latest)	Run actions/checkout@v7	2026-06-28T00:08:35.2300010Z hint: to use in all of your new repositories, which will suppress this warning,
Test (macos-latest)	Run actions/checkout@v7	2026-06-28T00:08:35.2301120Z hint: call:
Test (macos-latest)	Run actions/checkout@v7	2026-06-28T00:08:35.2301460Z hint:
Test (macos-latest)	Run actions/checkout@v7	2026-06-28T00:08:35.2301860Z hint: 	git config --global init.defaultBranch <name>
Test (macos-latest)	Run actions/checkout@v7	2026-06-28T00:08:35.2302320Z hint:
Test (macos-latest)	Run actions/checkout@v7	2026-06-28T00:08:35.2302760Z hint: Names commonly chosen instead of 'master' are 'main', 'trunk' and
Test (macos-latest)	Run actions/checkout@v7	2026-06-28T00:08:35.2303470Z hint: 'development'. The just-created branch can be renamed via this command:
Test (macos-latest)	Run actions/checkout@v7	2026-06-28T00:08:35.2304100Z hint:
Test (macos-latest)	Run actions/checkout@v7	2026-06-28T00:08:35.2304500Z hint: 	git branch -m <name>
Test (macos-latest)	Run actions/checkout@v7	2026-06-28T00:08:35.2304850Z hint:
Test (macos-latest)	Run actions/checkout@v7	2026-06-28T00:08:35.2305330Z hint: Disable this message with "git config set advice.defaultBranchName false"
Test (macos-latest)	Run actions/checkout@v7	2026-06-28T00:08:35.2306040Z Initialized empty Git repository in /Users/runner/work/rustodian/rustodian/.git/
Test (macos-latest)	Run actions/checkout@v7	2026-06-28T00:08:35.2307540Z [command]/opt/homebrew/bin/git remote add origin https://github.com/drawmeanelephant/rustodian
Test (macos-latest)	Run actions/checkout@v7	2026-06-28T00:08:35.2380880Z ##[endgroup]
Test (macos-latest)	Run actions/checkout@v7	2026-06-28T00:08:35.2381580Z ##[group]Disabling automatic garbage collection
Test (macos-latest)	Run actions/checkout@v7	2026-06-28T00:08:35.2383430Z [command]/opt/homebrew/bin/git config --local gc.auto 0
Test (macos-latest)	Run actions/checkout@v7	2026-06-28T00:08:35.2449520Z ##[endgroup]
Test (macos-latest)	Run actions/checkout@v7	2026-06-28T00:08:35.2450180Z ##[group]Setting up auth
Test (macos-latest)	Run actions/checkout@v7	2026-06-28T00:08:35.2450610Z Removing SSH command configuration
Test (macos-latest)	Run actions/checkout@v7	2026-06-28T00:08:35.2453710Z [command]/opt/homebrew/bin/git config --local --name-only --get-regexp core\.sshCommand
Test (macos-latest)	Run actions/checkout@v7	2026-06-28T00:08:35.2518510Z [command]/opt/homebrew/bin/git submodule foreach --recursive sh -c "git config --local --name-only --get-regexp 'core\.sshCommand' && git config --local --unset-all 'core.sshCommand' || :"
Test (macos-latest)	Run actions/checkout@v7	2026-06-28T00:08:35.3441720Z Removing HTTP extra header
Test (macos-latest)	Run actions/checkout@v7	2026-06-28T00:08:35.3444920Z [command]/opt/homebrew/bin/git config --local --name-only --get-regexp http\.https\:\/\/github\.com\/\.extraheader
Test (macos-latest)	Run actions/checkout@v7	2026-06-28T00:08:35.3513270Z [command]/opt/homebrew/bin/git submodule foreach --recursive sh -c "git config --local --name-only --get-regexp 'http\.https\:\/\/github\.com\/\.extraheader' && git config --local --unset-all 'http.https://github.com/.extraheader' || :"
Test (macos-latest)	Run actions/checkout@v7	2026-06-28T00:08:35.4318290Z Removing includeIf entries pointing to credentials config files
Test (macos-latest)	Run actions/checkout@v7	2026-06-28T00:08:35.4321520Z [command]/opt/homebrew/bin/git config --local --name-only --get-regexp ^includeIf\.gitdir:
Test (macos-latest)	Run actions/checkout@v7	2026-06-28T00:08:35.4384680Z [command]/opt/homebrew/bin/git submodule foreach --recursive git config --local --show-origin --name-only --get-regexp remote.origin.url
Test (macos-latest)	Run actions/checkout@v7	2026-06-28T00:08:35.5130980Z [command]/opt/homebrew/bin/git config --file /Users/runner/work/_temp/git-credentials-87614c1d-2805-4103-a8e2-ce349af463a5.config http.https://github.com/.extraheader AUTHORIZATION: basic ***
Test (macos-latest)	Run actions/checkout@v7	2026-06-28T00:08:35.5200310Z [command]/opt/homebrew/bin/git config --local includeIf.gitdir:/Users/runner/work/rustodian/rustodian/.git.path /Users/runner/work/_temp/git-credentials-87614c1d-2805-4103-a8e2-ce349af463a5.config
Test (macos-latest)	Run actions/checkout@v7	2026-06-28T00:08:35.5263540Z [command]/opt/homebrew/bin/git config --local includeIf.gitdir:/Users/runner/work/rustodian/rustodian/.git/worktrees/*.path /Users/runner/work/_temp/git-credentials-87614c1d-2805-4103-a8e2-ce349af463a5.config
Test (macos-latest)	Run actions/checkout@v7	2026-06-28T00:08:35.5325290Z [command]/opt/homebrew/bin/git config --local includeIf.gitdir:/github/workspace/.git.path /github/runner_temp/git-credentials-87614c1d-2805-4103-a8e2-ce349af463a5.config
Test (macos-latest)	Run actions/checkout@v7	2026-06-28T00:08:35.5386400Z [command]/opt/homebrew/bin/git config --local includeIf.gitdir:/github/workspace/.git/worktrees/*.path /github/runner_temp/git-credentials-87614c1d-2805-4103-a8e2-ce349af463a5.config
Test (macos-latest)	Run actions/checkout@v7	2026-06-28T00:08:35.5449310Z ##[endgroup]
Test (macos-latest)	Run actions/checkout@v7	2026-06-28T00:08:35.5450130Z ##[group]Fetching the repository
Test (macos-latest)	Run actions/checkout@v7	2026-06-28T00:08:35.5453450Z [command]/opt/homebrew/bin/git -c protocol.version=2 fetch --no-tags --prune --no-recurse-submodules --depth=1 origin +7a913184be50aa207471b6e3991ff4c6b8b50653:refs/remotes/pull/15/merge
Test (macos-latest)	Run actions/checkout@v7	2026-06-28T00:08:36.0669780Z From https://github.com/drawmeanelephant/rustodian
Test (macos-latest)	Run actions/checkout@v7	2026-06-28T00:08:36.0671500Z  * [new ref]         7a913184be50aa207471b6e3991ff4c6b8b50653 -> pull/15/merge
Test (macos-latest)	Run actions/checkout@v7	2026-06-28T00:08:36.0793280Z ##[endgroup]
Test (macos-latest)	Run actions/checkout@v7	2026-06-28T00:08:36.0794290Z ##[group]Determining the checkout info
Test (macos-latest)	Run actions/checkout@v7	2026-06-28T00:08:36.0810160Z ##[endgroup]
Test (macos-latest)	Run actions/checkout@v7	2026-06-28T00:08:36.0810960Z [command]/opt/homebrew/bin/git sparse-checkout disable
Test (macos-latest)	Run actions/checkout@v7	2026-06-28T00:08:36.0842810Z [command]/opt/homebrew/bin/git config --local --unset-all extensions.worktreeConfig
Test (macos-latest)	Run actions/checkout@v7	2026-06-28T00:08:36.0905690Z ##[group]Checking out the ref
Test (macos-latest)	Run actions/checkout@v7	2026-06-28T00:08:36.0907730Z [command]/opt/homebrew/bin/git checkout --progress --force refs/remotes/pull/15/merge
Test (macos-latest)	Run actions/checkout@v7	2026-06-28T00:08:36.1141380Z HEAD is now at 7a91318 Merge ae39144dccbb6a83522dbbbebd0d2738d01e20cd into 7aa755c16196ae34251710b17ee1034a358d22ad
Test (macos-latest)	Run actions/checkout@v7	2026-06-28T00:08:36.1315360Z ##[endgroup]
Test (macos-latest)	Run actions/checkout@v7	2026-06-28T00:08:36.1360480Z [command]/opt/homebrew/bin/git log -1 --format=%H
Test (macos-latest)	Run actions/checkout@v7	2026-06-28T00:08:36.1361450Z 7a913184be50aa207471b6e3991ff4c6b8b50653
Test (macos-latest)	Run dtolnay/rust-toolchain@stable	﻿2026-06-28T00:08:36.1713040Z ##[group]Run dtolnay/rust-toolchain@stable
Test (macos-latest)	Run dtolnay/rust-toolchain@stable	2026-06-28T00:08:36.1713670Z with:
Test (macos-latest)	Run dtolnay/rust-toolchain@stable	2026-06-28T00:08:36.1714030Z   toolchain: stable
Test (macos-latest)	Run dtolnay/rust-toolchain@stable	2026-06-28T00:08:36.1714390Z env:
Test (macos-latest)	Run dtolnay/rust-toolchain@stable	2026-06-28T00:08:36.1714720Z   CARGO_TERM_COLOR: always
Test (macos-latest)	Run dtolnay/rust-toolchain@stable	2026-06-28T00:08:36.1715170Z   RUSTFLAGS: -Dwarnings
Test (macos-latest)	Run dtolnay/rust-toolchain@stable	2026-06-28T00:08:36.1715570Z ##[endgroup]
Test (macos-latest)	Run dtolnay/rust-toolchain@stable	2026-06-28T00:08:36.1833970Z ##[group]Run : parse toolchain version
Test (macos-latest)	Run dtolnay/rust-toolchain@stable	2026-06-28T00:08:36.1834820Z ^[[36;1m: parse toolchain version^[[0m
Test (macos-latest)	Run dtolnay/rust-toolchain@stable	2026-06-28T00:08:36.1835430Z ^[[36;1mif [[ -z $toolchain ]]; then^[[0m
Test (macos-latest)	Run dtolnay/rust-toolchain@stable	2026-06-28T00:08:36.1836600Z ^[[36;1m  # GitHub does not enforce `required: true` inputs itself. https://github.com/actions/runner/issues/1070^[[0m
Test (macos-latest)	Run dtolnay/rust-toolchain@stable	2026-06-28T00:08:36.1837760Z ^[[36;1m  echo "'toolchain' is a required input" >&2^[[0m
Test (macos-latest)	Run dtolnay/rust-toolchain@stable	2026-06-28T00:08:36.1838330Z ^[[36;1m  exit 1^[[0m
Test (macos-latest)	Run dtolnay/rust-toolchain@stable	2026-06-28T00:08:36.1838970Z ^[[36;1melif [[ $toolchain =~ ^stable' '[0-9]+' '(year|month|week|day)s?' 'ago$ ]]; then^[[0m
Test (macos-latest)	Run dtolnay/rust-toolchain@stable	2026-06-28T00:08:36.1839770Z ^[[36;1m  if [[ macOS == macOS ]]; then^[[0m
Test (macos-latest)	Run dtolnay/rust-toolchain@stable	2026-06-28T00:08:36.1840970Z ^[[36;1m    echo "toolchain=1.$((($(date -v-$(sed 's/stable \([0-9]*\) \(.\).*/\1\2/' <<< $toolchain) +%s)/60/60/24-16569)/7/6))" >> $GITHUB_OUTPUT^[[0m
Test (macos-latest)	Run dtolnay/rust-toolchain@stable	2026-06-28T00:08:36.1842170Z ^[[36;1m  else^[[0m
Test (macos-latest)	Run dtolnay/rust-toolchain@stable	2026-06-28T00:08:36.1842990Z ^[[36;1m    echo "toolchain=1.$((($(date --date "${toolchain#stable }" +%s)/60/60/24-16569)/7/6))" >> $GITHUB_OUTPUT^[[0m
Test (macos-latest)	Run dtolnay/rust-toolchain@stable	2026-06-28T00:08:36.1843910Z ^[[36;1m  fi^[[0m
Test (macos-latest)	Run dtolnay/rust-toolchain@stable	2026-06-28T00:08:36.1844490Z ^[[36;1melif [[ $toolchain =~ ^stable' 'minus' '[0-9]+' 'releases?$ ]]; then^[[0m
Test (macos-latest)	Run dtolnay/rust-toolchain@stable	2026-06-28T00:08:36.1846120Z ^[[36;1m  echo "toolchain=1.$((($(date +%s)/60/60/24-16569)/7/6-${toolchain//[^0-9]/}))" >> $GITHUB_OUTPUT^[[0m
Test (macos-latest)	Run dtolnay/rust-toolchain@stable	2026-06-28T00:08:36.1847100Z ^[[36;1melif [[ $toolchain =~ ^1\.[0-9]+$ ]]; then^[[0m
Test (macos-latest)	Run dtolnay/rust-toolchain@stable	2026-06-28T00:08:36.1848160Z ^[[36;1m  echo "toolchain=1.$((i=${toolchain#1.}, c=($(date +%s)/60/60/24-16569)/7/6, i+9*i*(10*i<=c)+90*i*(100*i<=c)))" >> $GITHUB_OUTPUT^[[0m
Test (macos-latest)	Run dtolnay/rust-toolchain@stable	2026-06-28T00:08:36.1849180Z ^[[36;1melse^[[0m
Test (macos-latest)	Run dtolnay/rust-toolchain@stable	2026-06-28T00:08:36.1849650Z ^[[36;1m  echo "toolchain=$toolchain" >> $GITHUB_OUTPUT^[[0m
Test (macos-latest)	Run dtolnay/rust-toolchain@stable	2026-06-28T00:08:36.1850240Z ^[[36;1mfi^[[0m
Test (macos-latest)	Run dtolnay/rust-toolchain@stable	2026-06-28T00:08:36.1894350Z shell: /bin/bash --noprofile --norc -e -o pipefail {0}
Test (macos-latest)	Run dtolnay/rust-toolchain@stable	2026-06-28T00:08:36.1895100Z env:
Test (macos-latest)	Run dtolnay/rust-toolchain@stable	2026-06-28T00:08:36.1895470Z   CARGO_TERM_COLOR: always
Test (macos-latest)	Run dtolnay/rust-toolchain@stable	2026-06-28T00:08:36.1895930Z   RUSTFLAGS: -Dwarnings
Test (macos-latest)	Run dtolnay/rust-toolchain@stable	2026-06-28T00:08:36.1896350Z   toolchain: stable
Test (macos-latest)	Run dtolnay/rust-toolchain@stable	2026-06-28T00:08:36.1896730Z ##[endgroup]
Test (macos-latest)	Run dtolnay/rust-toolchain@stable	2026-06-28T00:08:36.2244180Z ##[group]Run : construct rustup command line
Test (macos-latest)	Run dtolnay/rust-toolchain@stable	2026-06-28T00:08:36.2244870Z ^[[36;1m: construct rustup command line^[[0m
Test (macos-latest)	Run dtolnay/rust-toolchain@stable	2026-06-28T00:08:36.2245730Z ^[[36;1mecho "targets=$(for t in ${targets//,/ }; do echo -n ' --target' $t; done)" >> $GITHUB_OUTPUT^[[0m
Test (macos-latest)	Run dtolnay/rust-toolchain@stable	2026-06-28T00:08:36.2247320Z ^[[36;1mecho "components=$(for c in ${components//,/ }; do echo -n ' --component' $c; done)" >> $GITHUB_OUTPUT^[[0m
Test (macos-latest)	Run dtolnay/rust-toolchain@stable	2026-06-28T00:08:36.2248280Z ^[[36;1mecho "downgrade=" >> $GITHUB_OUTPUT^[[0m
Test (macos-latest)	Run dtolnay/rust-toolchain@stable	2026-06-28T00:08:36.2282000Z shell: /bin/bash --noprofile --norc -e -o pipefail {0}
Test (macos-latest)	Run dtolnay/rust-toolchain@stable	2026-06-28T00:08:36.2282620Z env:
Test (macos-latest)	Run dtolnay/rust-toolchain@stable	2026-06-28T00:08:36.2282970Z   CARGO_TERM_COLOR: always
Test (macos-latest)	Run dtolnay/rust-toolchain@stable	2026-06-28T00:08:36.2283400Z   RUSTFLAGS: -Dwarnings
Test (macos-latest)	Run dtolnay/rust-toolchain@stable	2026-06-28T00:08:36.2283780Z   targets: 
Test (macos-latest)	Run dtolnay/rust-toolchain@stable	2026-06-28T00:08:36.2284140Z   components: 
Test (macos-latest)	Run dtolnay/rust-toolchain@stable	2026-06-28T00:08:36.2284480Z ##[endgroup]
Test (macos-latest)	Run dtolnay/rust-toolchain@stable	2026-06-28T00:08:36.2507430Z ##[group]Run : set $CARGO_HOME
Test (macos-latest)	Run dtolnay/rust-toolchain@stable	2026-06-28T00:08:36.2508030Z ^[[36;1m: set $CARGO_HOME^[[0m
Test (macos-latest)	Run dtolnay/rust-toolchain@stable	2026-06-28T00:08:36.2508650Z ^[[36;1mecho CARGO_HOME=${CARGO_HOME:-"$HOME/.cargo"} >> $GITHUB_ENV^[[0m
Test (macos-latest)	Run dtolnay/rust-toolchain@stable	2026-06-28T00:08:36.2541180Z shell: /bin/bash --noprofile --norc -e -o pipefail {0}
Test (macos-latest)	Run dtolnay/rust-toolchain@stable	2026-06-28T00:08:36.2541900Z env:
Test (macos-latest)	Run dtolnay/rust-toolchain@stable	2026-06-28T00:08:36.2542270Z   CARGO_TERM_COLOR: always
Test (macos-latest)	Run dtolnay/rust-toolchain@stable	2026-06-28T00:08:36.2542790Z   RUSTFLAGS: -Dwarnings
Test (macos-latest)	Run dtolnay/rust-toolchain@stable	2026-06-28T00:08:36.2543210Z ##[endgroup]
Test (macos-latest)	Run dtolnay/rust-toolchain@stable	2026-06-28T00:08:36.2758400Z ##[group]Run : install rustup if needed
Test (macos-latest)	Run dtolnay/rust-toolchain@stable	2026-06-28T00:08:36.2759140Z ^[[36;1m: install rustup if needed^[[0m
Test (macos-latest)	Run dtolnay/rust-toolchain@stable	2026-06-28T00:08:36.2759720Z ^[[36;1mif ! command -v rustup &>/dev/null; then^[[0m
Test (macos-latest)	Run dtolnay/rust-toolchain@stable	2026-06-28T00:08:36.2761190Z ^[[36;1m  curl --proto '=https' --tlsv1.2 --retry 10 --retry-connrefused --location --silent --show-error --fail https://sh.rustup.rs | sh -s -- --default-toolchain none -y^[[0m
Test (macos-latest)	Run dtolnay/rust-toolchain@stable	2026-06-28T00:08:36.2763090Z ^[[36;1m  echo "$CARGO_HOME/bin" >> $GITHUB_PATH^[[0m
Test (macos-latest)	Run dtolnay/rust-toolchain@stable	2026-06-28T00:08:36.2763640Z ^[[36;1mfi^[[0m
Test (macos-latest)	Run dtolnay/rust-toolchain@stable	2026-06-28T00:08:36.2796060Z shell: /bin/bash --noprofile --norc -e -o pipefail {0}
Test (macos-latest)	Run dtolnay/rust-toolchain@stable	2026-06-28T00:08:36.2796720Z env:
Test (macos-latest)	Run dtolnay/rust-toolchain@stable	2026-06-28T00:08:36.2797090Z   CARGO_TERM_COLOR: always
Test (macos-latest)	Run dtolnay/rust-toolchain@stable	2026-06-28T00:08:36.2797780Z   RUSTFLAGS: -Dwarnings
Test (macos-latest)	Run dtolnay/rust-toolchain@stable	2026-06-28T00:08:36.2798240Z   CARGO_HOME: /Users/runner/.cargo
Test (macos-latest)	Run dtolnay/rust-toolchain@stable	2026-06-28T00:08:36.2798740Z ##[endgroup]
Test (macos-latest)	Run dtolnay/rust-toolchain@stable	2026-06-28T00:08:36.3076910Z ##[group]Run rustup toolchain install stable --profile minimal --no-self-update
Test (macos-latest)	Run dtolnay/rust-toolchain@stable	2026-06-28T00:08:36.3078040Z ^[[36;1mrustup toolchain install stable --profile minimal --no-self-update^[[0m
Test (macos-latest)	Run dtolnay/rust-toolchain@stable	2026-06-28T00:08:36.3109550Z shell: /bin/bash --noprofile --norc -e -o pipefail {0}
Test (macos-latest)	Run dtolnay/rust-toolchain@stable	2026-06-28T00:08:36.3110160Z env:
Test (macos-latest)	Run dtolnay/rust-toolchain@stable	2026-06-28T00:08:36.3110500Z   CARGO_TERM_COLOR: always
Test (macos-latest)	Run dtolnay/rust-toolchain@stable	2026-06-28T00:08:36.3110910Z   RUSTFLAGS: -Dwarnings
Test (macos-latest)	Run dtolnay/rust-toolchain@stable	2026-06-28T00:08:36.3111360Z   CARGO_HOME: /Users/runner/.cargo
Test (macos-latest)	Run dtolnay/rust-toolchain@stable	2026-06-28T00:08:36.3111860Z   RUSTUP_PERMIT_COPY_RENAME: 1
Test (macos-latest)	Run dtolnay/rust-toolchain@stable	2026-06-28T00:08:36.3112310Z ##[endgroup]
Test (macos-latest)	Run dtolnay/rust-toolchain@stable	2026-06-28T00:08:36.6569610Z info: syncing channel updates for stable-aarch64-apple-darwin
Test (macos-latest)	Run dtolnay/rust-toolchain@stable	2026-06-28T00:08:36.7568890Z 
Test (macos-latest)	Run dtolnay/rust-toolchain@stable	2026-06-28T00:08:36.7669880Z info: self-update is disabled for this build of rustup
Test (macos-latest)	Run dtolnay/rust-toolchain@stable	2026-06-28T00:08:36.7670760Z   stable-aarch64-apple-darwin unchanged - rustc 1.96.0 (ac68faa20 2026-05-25)
Test (macos-latest)	Run dtolnay/rust-toolchain@stable	2026-06-28T00:08:36.7671580Z info: any updates to rustup will need to be fetched with your system package manager
Test (macos-latest)	Run dtolnay/rust-toolchain@stable	2026-06-28T00:08:36.7672140Z 
Test (macos-latest)	Run dtolnay/rust-toolchain@stable	2026-06-28T00:08:36.7734370Z ##[group]Run rustup default stable
Test (macos-latest)	Run dtolnay/rust-toolchain@stable	2026-06-28T00:08:36.7735320Z ^[[36;1mrustup default stable^[[0m
Test (macos-latest)	Run dtolnay/rust-toolchain@stable	2026-06-28T00:08:36.7769930Z shell: /bin/bash --noprofile --norc -e -o pipefail {0}
Test (macos-latest)	Run dtolnay/rust-toolchain@stable	2026-06-28T00:08:36.7770980Z env:
Test (macos-latest)	Run dtolnay/rust-toolchain@stable	2026-06-28T00:08:36.7771740Z   CARGO_TERM_COLOR: always
Test (macos-latest)	Run dtolnay/rust-toolchain@stable	2026-06-28T00:08:36.7772590Z   RUSTFLAGS: -Dwarnings
Test (macos-latest)	Run dtolnay/rust-toolchain@stable	2026-06-28T00:08:36.7773430Z   CARGO_HOME: /Users/runner/.cargo
Test (macos-latest)	Run dtolnay/rust-toolchain@stable	2026-06-28T00:08:36.7774360Z ##[endgroup]
Test (macos-latest)	Run dtolnay/rust-toolchain@stable	2026-06-28T00:08:36.8095670Z info: using existing install for stable-aarch64-apple-darwin
Test (macos-latest)	Run dtolnay/rust-toolchain@stable	2026-06-28T00:08:36.8126050Z info: default toolchain set to stable-aarch64-apple-darwin
Test (macos-latest)	Run dtolnay/rust-toolchain@stable	2026-06-28T00:08:36.8126640Z 
Test (macos-latest)	Run dtolnay/rust-toolchain@stable	2026-06-28T00:08:36.8225680Z   stable-aarch64-apple-darwin unchanged - rustc 1.96.0 (ac68faa20 2026-05-25)
Test (macos-latest)	Run dtolnay/rust-toolchain@stable	2026-06-28T00:08:36.8227410Z 
Test (macos-latest)	Run dtolnay/rust-toolchain@stable	2026-06-28T00:08:36.8282230Z ##[group]Run : create cachekey
Test (macos-latest)	Run dtolnay/rust-toolchain@stable	2026-06-28T00:08:36.8282990Z ^[[36;1m: create cachekey^[[0m
Test (macos-latest)	Run dtolnay/rust-toolchain@stable	2026-06-28T00:08:36.8284020Z ^[[36;1mDATE=$(rustc +stable --version --verbose | sed -ne 's/^commit-date: \(20[0-9][0-9]\)-\([01][0-9]\)-\([0-3][0-9]\)$/\1\2\3/p')^[[0m
Test (macos-latest)	Run dtolnay/rust-toolchain@stable	2026-06-28T00:08:36.8285430Z ^[[36;1mHASH=$(rustc +stable --version --verbose | sed -ne 's/^commit-hash: //p')^[[0m
Test (macos-latest)	Run dtolnay/rust-toolchain@stable	2026-06-28T00:08:36.8286360Z ^[[36;1mecho "cachekey=$(echo $DATE$HASH | head -c12)" >> $GITHUB_OUTPUT^[[0m
Test (macos-latest)	Run dtolnay/rust-toolchain@stable	2026-06-28T00:08:36.8317420Z shell: /bin/bash --noprofile --norc -e -o pipefail {0}
Test (macos-latest)	Run dtolnay/rust-toolchain@stable	2026-06-28T00:08:36.8318160Z env:
Test (macos-latest)	Run dtolnay/rust-toolchain@stable	2026-06-28T00:08:36.8318740Z   CARGO_TERM_COLOR: always
Test (macos-latest)	Run dtolnay/rust-toolchain@stable	2026-06-28T00:08:36.8319390Z   RUSTFLAGS: -Dwarnings
Test (macos-latest)	Run dtolnay/rust-toolchain@stable	2026-06-28T00:08:36.8320020Z   CARGO_HOME: /Users/runner/.cargo
Test (macos-latest)	Run dtolnay/rust-toolchain@stable	2026-06-28T00:08:36.8320670Z ##[endgroup]
Test (macos-latest)	Run dtolnay/rust-toolchain@stable	2026-06-28T00:08:36.9139670Z ##[group]Run : disable incremental compilation
Test (macos-latest)	Run dtolnay/rust-toolchain@stable	2026-06-28T00:08:36.9140650Z ^[[36;1m: disable incremental compilation^[[0m
Test (macos-latest)	Run dtolnay/rust-toolchain@stable	2026-06-28T00:08:36.9141430Z ^[[36;1mif [ -z "${CARGO_INCREMENTAL+set}" ]; then^[[0m
Test (macos-latest)	Run dtolnay/rust-toolchain@stable	2026-06-28T00:08:36.9142240Z ^[[36;1m  echo CARGO_INCREMENTAL=0 >> $GITHUB_ENV^[[0m
Test (macos-latest)	Run dtolnay/rust-toolchain@stable	2026-06-28T00:08:36.9142930Z ^[[36;1mfi^[[0m
Test (macos-latest)	Run dtolnay/rust-toolchain@stable	2026-06-28T00:08:36.9186490Z shell: /bin/bash --noprofile --norc -e -o pipefail {0}
Test (macos-latest)	Run dtolnay/rust-toolchain@stable	2026-06-28T00:08:36.9187320Z env:
Test (macos-latest)	Run dtolnay/rust-toolchain@stable	2026-06-28T00:08:36.9187880Z   CARGO_TERM_COLOR: always
Test (macos-latest)	Run dtolnay/rust-toolchain@stable	2026-06-28T00:08:36.9188550Z   RUSTFLAGS: -Dwarnings
Test (macos-latest)	Run dtolnay/rust-toolchain@stable	2026-06-28T00:08:36.9189160Z   CARGO_HOME: /Users/runner/.cargo
Test (macos-latest)	Run dtolnay/rust-toolchain@stable	2026-06-28T00:08:36.9189800Z ##[endgroup]
Test (macos-latest)	Run dtolnay/rust-toolchain@stable	2026-06-28T00:08:36.9687030Z ##[group]Run : enable colors in Cargo output
Test (macos-latest)	Run dtolnay/rust-toolchain@stable	2026-06-28T00:08:36.9687880Z ^[[36;1m: enable colors in Cargo output^[[0m
Test (macos-latest)	Run dtolnay/rust-toolchain@stable	2026-06-28T00:08:36.9688980Z ^[[36;1mif [ -z "${CARGO_TERM_COLOR+set}" ]; then^[[0m
Test (macos-latest)	Run dtolnay/rust-toolchain@stable	2026-06-28T00:08:36.9689740Z ^[[36;1m  echo CARGO_TERM_COLOR=always >> $GITHUB_ENV^[[0m
Test (macos-latest)	Run dtolnay/rust-toolchain@stable	2026-06-28T00:08:36.9690430Z ^[[36;1mfi^[[0m
Test (macos-latest)	Run dtolnay/rust-toolchain@stable	2026-06-28T00:08:36.9727570Z shell: /bin/bash --noprofile --norc -e -o pipefail {0}
Test (macos-latest)	Run dtolnay/rust-toolchain@stable	2026-06-28T00:08:36.9728350Z env:
Test (macos-latest)	Run dtolnay/rust-toolchain@stable	2026-06-28T00:08:36.9728920Z   CARGO_TERM_COLOR: always
Test (macos-latest)	Run dtolnay/rust-toolchain@stable	2026-06-28T00:08:36.9729540Z   RUSTFLAGS: -Dwarnings
Test (macos-latest)	Run dtolnay/rust-toolchain@stable	2026-06-28T00:08:36.9730130Z   CARGO_HOME: /Users/runner/.cargo
Test (macos-latest)	Run dtolnay/rust-toolchain@stable	2026-06-28T00:08:36.9730750Z   CARGO_INCREMENTAL: 0
Test (macos-latest)	Run dtolnay/rust-toolchain@stable	2026-06-28T00:08:36.9731370Z ##[endgroup]
Test (macos-latest)	Run dtolnay/rust-toolchain@stable	2026-06-28T00:08:37.0010050Z ##[group]Run : enable Cargo sparse registry
Test (macos-latest)	Run dtolnay/rust-toolchain@stable	2026-06-28T00:08:37.0010880Z ^[[36;1m: enable Cargo sparse registry^[[0m
Test (macos-latest)	Run dtolnay/rust-toolchain@stable	2026-06-28T00:08:37.0011640Z ^[[36;1m# implemented in 1.66, stabilized in 1.68, made default in 1.70^[[0m
Test (macos-latest)	Run dtolnay/rust-toolchain@stable	2026-06-28T00:08:37.0012850Z ^[[36;1mif [ -z "${CARGO_REGISTRIES_CRATES_IO_PROTOCOL+set}" -o -f "/Users/runner/work/_temp"/.implicit_cargo_registries_crates_io_protocol ]; then^[[0m
Test (macos-latest)	Run dtolnay/rust-toolchain@stable	2026-06-28T00:08:37.0014140Z ^[[36;1m  if rustc +stable --version --verbose | grep -q '^release: 1\.6[89]\.'; then^[[0m
Test (macos-latest)	Run dtolnay/rust-toolchain@stable	2026-06-28T00:08:37.0015190Z ^[[36;1m    touch "/Users/runner/work/_temp"/.implicit_cargo_registries_crates_io_protocol || true^[[0m
Test (macos-latest)	Run dtolnay/rust-toolchain@stable	2026-06-28T00:08:37.0016190Z ^[[36;1m    echo CARGO_REGISTRIES_CRATES_IO_PROTOCOL=sparse >> $GITHUB_ENV^[[0m
Test (macos-latest)	Run dtolnay/rust-toolchain@stable	2026-06-28T00:08:37.0017110Z ^[[36;1m  elif rustc +stable --version --verbose | grep -q '^release: 1\.6[67]\.'; then^[[0m
Test (macos-latest)	Run dtolnay/rust-toolchain@stable	2026-06-28T00:08:37.0018160Z ^[[36;1m    touch "/Users/runner/work/_temp"/.implicit_cargo_registries_crates_io_protocol || true^[[0m
Test (macos-latest)	Run dtolnay/rust-toolchain@stable	2026-06-28T00:08:37.0019230Z ^[[36;1m    echo CARGO_REGISTRIES_CRATES_IO_PROTOCOL=git >> $GITHUB_ENV^[[0m
Test (macos-latest)	Run dtolnay/rust-toolchain@stable	2026-06-28T00:08:37.0019980Z ^[[36;1m  fi^[[0m
Test (macos-latest)	Run dtolnay/rust-toolchain@stable	2026-06-28T00:08:37.0020570Z ^[[36;1mfi^[[0m
Test (macos-latest)	Run dtolnay/rust-toolchain@stable	2026-06-28T00:08:37.0058410Z shell: /bin/bash --noprofile --norc -e -o pipefail {0}
Test (macos-latest)	Run dtolnay/rust-toolchain@stable	2026-06-28T00:08:37.0059240Z env:
Test (macos-latest)	Run dtolnay/rust-toolchain@stable	2026-06-28T00:08:37.0059820Z   CARGO_TERM_COLOR: always
Test (macos-latest)	Run dtolnay/rust-toolchain@stable	2026-06-28T00:08:37.0060430Z   RUSTFLAGS: -Dwarnings
Test (macos-latest)	Run dtolnay/rust-toolchain@stable	2026-06-28T00:08:37.0061050Z   CARGO_HOME: /Users/runner/.cargo
Test (macos-latest)	Run dtolnay/rust-toolchain@stable	2026-06-28T00:08:37.0061670Z   CARGO_INCREMENTAL: 0
Test (macos-latest)	Run dtolnay/rust-toolchain@stable	2026-06-28T00:08:37.0062260Z ##[endgroup]
Test (macos-latest)	Run dtolnay/rust-toolchain@stable	2026-06-28T00:08:37.0791280Z ##[group]Run : work around spurious network errors in curl 8.0
Test (macos-latest)	Run dtolnay/rust-toolchain@stable	2026-06-28T00:08:37.0792190Z ^[[36;1m: work around spurious network errors in curl 8.0^[[0m
Test (macos-latest)	Run dtolnay/rust-toolchain@stable	2026-06-28T00:08:37.0793170Z ^[[36;1m# https://rust-lang.zulipchat.com/#narrow/stream/246057-t-cargo/topic/timeout.20investigation^[[0m
Test (macos-latest)	Run dtolnay/rust-toolchain@stable	2026-06-28T00:08:37.0794220Z ^[[36;1mif rustc +stable --version --verbose | grep -q '^release: 1\.7[01]\.'; then^[[0m
Test (macos-latest)	Run dtolnay/rust-toolchain@stable	2026-06-28T00:08:37.0795370Z ^[[36;1m  echo CARGO_HTTP_MULTIPLEXING=false >> $GITHUB_ENV^[[0m
Test (macos-latest)	Run dtolnay/rust-toolchain@stable	2026-06-28T00:08:37.0796080Z ^[[36;1mfi^[[0m
Test (macos-latest)	Run dtolnay/rust-toolchain@stable	2026-06-28T00:08:37.0831100Z shell: /bin/bash --noprofile --norc -e -o pipefail {0}
Test (macos-latest)	Run dtolnay/rust-toolchain@stable	2026-06-28T00:08:37.0831850Z env:
Test (macos-latest)	Run dtolnay/rust-toolchain@stable	2026-06-28T00:08:37.0832420Z   CARGO_TERM_COLOR: always
Test (macos-latest)	Run dtolnay/rust-toolchain@stable	2026-06-28T00:08:37.0833040Z   RUSTFLAGS: -Dwarnings
Test (macos-latest)	Run dtolnay/rust-toolchain@stable	2026-06-28T00:08:37.0833640Z   CARGO_HOME: /Users/runner/.cargo
Test (macos-latest)	Run dtolnay/rust-toolchain@stable	2026-06-28T00:08:37.0834260Z   CARGO_INCREMENTAL: 0
Test (macos-latest)	Run dtolnay/rust-toolchain@stable	2026-06-28T00:08:37.0834900Z ##[endgroup]
Test (macos-latest)	Run dtolnay/rust-toolchain@stable	2026-06-28T00:08:37.1262140Z ##[group]Run rustc +stable --version --verbose
Test (macos-latest)	Run dtolnay/rust-toolchain@stable	2026-06-28T00:08:37.1262900Z ^[[36;1mrustc +stable --version --verbose^[[0m
Test (macos-latest)	Run dtolnay/rust-toolchain@stable	2026-06-28T00:08:37.1295910Z shell: /bin/bash --noprofile --norc -e -o pipefail {0}
Test (macos-latest)	Run dtolnay/rust-toolchain@stable	2026-06-28T00:08:37.1296620Z env:
Test (macos-latest)	Run dtolnay/rust-toolchain@stable	2026-06-28T00:08:37.1297160Z   CARGO_TERM_COLOR: always
Test (macos-latest)	Run dtolnay/rust-toolchain@stable	2026-06-28T00:08:37.1297740Z   RUSTFLAGS: -Dwarnings
Test (macos-latest)	Run dtolnay/rust-toolchain@stable	2026-06-28T00:08:37.1298340Z   CARGO_HOME: /Users/runner/.cargo
Test (macos-latest)	Run dtolnay/rust-toolchain@stable	2026-06-28T00:08:37.1298930Z   CARGO_INCREMENTAL: 0
Test (macos-latest)	Run dtolnay/rust-toolchain@stable	2026-06-28T00:08:37.1299520Z ##[endgroup]
Test (macos-latest)	Run dtolnay/rust-toolchain@stable	2026-06-28T00:08:37.1644820Z rustc 1.96.0 (ac68faa20 2026-05-25)
Test (macos-latest)	Run dtolnay/rust-toolchain@stable	2026-06-28T00:08:37.1645660Z binary: rustc
Test (macos-latest)	Run dtolnay/rust-toolchain@stable	2026-06-28T00:08:37.1646290Z commit-hash: ac68faa20c58cbccd01ee7208bf3b6e93a7d7f96
Test (macos-latest)	Run dtolnay/rust-toolchain@stable	2026-06-28T00:08:37.1646940Z commit-date: 2026-05-25
Test (macos-latest)	Run dtolnay/rust-toolchain@stable	2026-06-28T00:08:37.1647500Z host: aarch64-apple-darwin
Test (macos-latest)	Run dtolnay/rust-toolchain@stable	2026-06-28T00:08:37.1648130Z release: 1.96.0
Test (macos-latest)	Run dtolnay/rust-toolchain@stable	2026-06-28T00:08:37.1649230Z LLVM version: 22.1.2
Test (macos-latest)	Run Swatinem/rust-cache@v2	﻿2026-06-28T00:08:37.1785090Z ##[group]Run Swatinem/rust-cache@v2
Test (macos-latest)	Run Swatinem/rust-cache@v2	2026-06-28T00:08:37.1785760Z with:
Test (macos-latest)	Run Swatinem/rust-cache@v2	2026-06-28T00:08:37.1786290Z   prefix-key: v0-rust
Test (macos-latest)	Run Swatinem/rust-cache@v2	2026-06-28T00:08:37.1786850Z   add-job-id-key: true
Test (macos-latest)	Run Swatinem/rust-cache@v2	2026-06-28T00:08:37.1787420Z   add-rust-environment-hash-key: true
Test (macos-latest)	Run Swatinem/rust-cache@v2	2026-06-28T00:08:37.1788010Z   cache-targets: true
Test (macos-latest)	Run Swatinem/rust-cache@v2	2026-06-28T00:08:37.1788560Z   cache-all-crates: false
Test (macos-latest)	Run Swatinem/rust-cache@v2	2026-06-28T00:08:37.1789130Z   cache-workspace-crates: false
Test (macos-latest)	Run Swatinem/rust-cache@v2	2026-06-28T00:08:37.1789700Z   save-if: true
Test (macos-latest)	Run Swatinem/rust-cache@v2	2026-06-28T00:08:37.1790250Z   cache-provider: github
Test (macos-latest)	Run Swatinem/rust-cache@v2	2026-06-28T00:08:37.1790800Z   cache-bin: true
Test (macos-latest)	Run Swatinem/rust-cache@v2	2026-06-28T00:08:37.1791400Z   lookup-only: false
Test (macos-latest)	Run Swatinem/rust-cache@v2	2026-06-28T00:08:37.1791930Z   cmd-format: {0}
Test (macos-latest)	Run Swatinem/rust-cache@v2	2026-06-28T00:08:37.1792450Z env:
Test (macos-latest)	Run Swatinem/rust-cache@v2	2026-06-28T00:08:37.1792960Z   CARGO_TERM_COLOR: always
Test (macos-latest)	Run Swatinem/rust-cache@v2	2026-06-28T00:08:37.1793510Z   RUSTFLAGS: -Dwarnings
Test (macos-latest)	Run Swatinem/rust-cache@v2	2026-06-28T00:08:37.1794080Z   CARGO_HOME: /Users/runner/.cargo
Test (macos-latest)	Run Swatinem/rust-cache@v2	2026-06-28T00:08:37.1794660Z   CARGO_INCREMENTAL: 0
Test (macos-latest)	Run Swatinem/rust-cache@v2	2026-06-28T00:08:37.1795200Z ##[endgroup]
Test (macos-latest)	Run Swatinem/rust-cache@v2	2026-06-28T00:08:37.3982510Z (node:3383) [DEP0040] DeprecationWarning: The `punycode` module is deprecated. Please use a userland alternative instead.
Test (macos-latest)	Run Swatinem/rust-cache@v2	2026-06-28T00:08:37.3984270Z (Use `node --trace-deprecation ...` to show where the warning was created)
Test (macos-latest)	Run Swatinem/rust-cache@v2	2026-06-28T00:08:37.6659260Z ##[group]Cache Configuration
Test (macos-latest)	Run Swatinem/rust-cache@v2	2026-06-28T00:08:37.6673170Z Cache Provider:
Test (macos-latest)	Run Swatinem/rust-cache@v2	2026-06-28T00:08:37.6673840Z     github
Test (macos-latest)	Run Swatinem/rust-cache@v2	2026-06-28T00:08:37.6674380Z Workspaces:
Test (macos-latest)	Run Swatinem/rust-cache@v2	2026-06-28T00:08:37.6674920Z     /Users/runner/work/rustodian/rustodian
Test (macos-latest)	Run Swatinem/rust-cache@v2	2026-06-28T00:08:37.6675600Z Cache Paths:
Test (macos-latest)	Run Swatinem/rust-cache@v2	2026-06-28T00:08:37.6678180Z     /Users/runner/.cargo/bin
Test (macos-latest)	Run Swatinem/rust-cache@v2	2026-06-28T00:08:37.6679960Z     /Users/runner/.cargo/.crates.toml
Test (macos-latest)	Run Swatinem/rust-cache@v2	2026-06-28T00:08:37.6680630Z     /Users/runner/.cargo/.crates2.json
Test (macos-latest)	Run Swatinem/rust-cache@v2	2026-06-28T00:08:37.6681260Z     /Users/runner/.cargo/registry
Test (macos-latest)	Run Swatinem/rust-cache@v2	2026-06-28T00:08:37.6681870Z     /Users/runner/.cargo/git
Test (macos-latest)	Run Swatinem/rust-cache@v2	2026-06-28T00:08:37.6682950Z     /Users/runner/work/rustodian/rustodian/target
Test (macos-latest)	Run Swatinem/rust-cache@v2	2026-06-28T00:08:37.6683680Z Restore Key:
Test (macos-latest)	Run Swatinem/rust-cache@v2	2026-06-28T00:08:37.6684270Z     v0-rust-test-Darwin-arm64-0b75f325
Test (macos-latest)	Run Swatinem/rust-cache@v2	2026-06-28T00:08:37.6684850Z Cache Key:
Test (macos-latest)	Run Swatinem/rust-cache@v2	2026-06-28T00:08:37.6685460Z     v0-rust-test-Darwin-arm64-0b75f325-3fa069cf
Test (macos-latest)	Run Swatinem/rust-cache@v2	2026-06-28T00:08:37.6686190Z .. Prefix:
Test (macos-latest)	Run Swatinem/rust-cache@v2	2026-06-28T00:08:37.6687270Z   - v0-rust-test-Darwin-arm64
Test (macos-latest)	Run Swatinem/rust-cache@v2	2026-06-28T00:08:37.6687870Z .. Environment considered:
Test (macos-latest)	Run Swatinem/rust-cache@v2	2026-06-28T00:08:37.6688450Z   - Rust Versions:
Test (macos-latest)	Run Swatinem/rust-cache@v2	2026-06-28T00:08:37.6689090Z     - 1.96.0 aarch64-apple-darwin ac68faa20c58cbccd01ee7208bf3b6e93a7d7f96
Test (macos-latest)	Run Swatinem/rust-cache@v2	2026-06-28T00:08:37.6689940Z     - 1.96.0 aarch64-apple-darwin ac68faa20c58cbccd01ee7208bf3b6e93a7d7f96
Test (macos-latest)	Run Swatinem/rust-cache@v2	2026-06-28T00:08:37.6690640Z   - CARGO_HOME
Test (macos-latest)	Run Swatinem/rust-cache@v2	2026-06-28T00:08:37.6691210Z   - CARGO_INCREMENTAL
Test (macos-latest)	Run Swatinem/rust-cache@v2	2026-06-28T00:08:37.6692780Z   - CARGO_TERM_COLOR
Test (macos-latest)	Run Swatinem/rust-cache@v2	2026-06-28T00:08:37.6693310Z   - RUSTFLAGS
Test (macos-latest)	Run Swatinem/rust-cache@v2	2026-06-28T00:08:37.6693870Z .. Lockfiles considered:
Test (macos-latest)	Run Swatinem/rust-cache@v2	2026-06-28T00:08:37.6694470Z   - /Users/runner/work/rustodian/rustodian/Cargo.lock
Test (macos-latest)	Run Swatinem/rust-cache@v2	2026-06-28T00:08:37.6695260Z   - /Users/runner/work/rustodian/rustodian/crates/rustodian-cli/Cargo.toml
Test (macos-latest)	Run Swatinem/rust-cache@v2	2026-06-28T00:08:37.6696140Z   - /Users/runner/work/rustodian/rustodian/crates/rustodian-core/Cargo.toml
Test (macos-latest)	Run Swatinem/rust-cache@v2	2026-06-28T00:08:37.6697160Z   - /Users/runner/work/rustodian/rustodian/crates/rustodian-desktop/Cargo.toml
Test (macos-latest)	Run Swatinem/rust-cache@v2	2026-06-28T00:08:37.6698390Z   - /Users/runner/work/rustodian/rustodian/crates/rustodian-git/Cargo.toml
Test (macos-latest)	Run Swatinem/rust-cache@v2	2026-06-28T00:08:37.6699350Z   - /Users/runner/work/rustodian/rustodian/crates/rustodian-remote/Cargo.toml
Test (macos-latest)	Run Swatinem/rust-cache@v2	2026-06-28T00:08:37.6700240Z   - /Users/runner/work/rustodian/rustodian/crates/rustodian-scanner/Cargo.toml
Test (macos-latest)	Run Swatinem/rust-cache@v2	2026-06-28T00:08:37.6701130Z   - /Users/runner/work/rustodian/rustodian/crates/rustodian-storage/Cargo.toml
Test (macos-latest)	Run Swatinem/rust-cache@v2	2026-06-28T00:08:37.6702080Z   - /Users/runner/work/rustodian/rustodian/crates/rustodian-types/Cargo.toml
Test (macos-latest)	Run Swatinem/rust-cache@v2	2026-06-28T00:08:37.6702890Z   - /Users/runner/work/rustodian/rustodian/xtask/Cargo.toml
Test (macos-latest)	Run Swatinem/rust-cache@v2	2026-06-28T00:08:37.6704030Z ##[endgroup]
Test (macos-latest)	Run Swatinem/rust-cache@v2	2026-06-28T00:08:37.6704340Z 
Test (macos-latest)	Run Swatinem/rust-cache@v2	2026-06-28T00:08:37.6704580Z ... Restoring cache ...
Test (macos-latest)	Run Swatinem/rust-cache@v2	2026-06-28T00:08:37.9594070Z Cache hit for restore-key: v0-rust-test-Darwin-arm64-0b75f325-2562d0dd
Test (macos-latest)	Run Swatinem/rust-cache@v2	2026-06-28T00:08:39.2531010Z Received 0 of 538417332 (0.0%), 0.0 MBs/sec
Test (macos-latest)	Run Swatinem/rust-cache@v2	2026-06-28T00:08:40.2545370Z Received 79691776 of 538417332 (14.8%), 37.9 MBs/sec
Test (macos-latest)	Run Swatinem/rust-cache@v2	2026-06-28T00:08:41.2541570Z Received 134217728 of 538417332 (24.9%), 42.6 MBs/sec
Test (macos-latest)	Run Swatinem/rust-cache@v2	2026-06-28T00:08:42.2571990Z Received 218103808 of 538417332 (40.5%), 51.9 MBs/sec
Test (macos-latest)	Run Swatinem/rust-cache@v2	2026-06-28T00:08:43.2580680Z Received 281018368 of 538417332 (52.2%), 53.5 MBs/sec
Test (macos-latest)	Run Swatinem/rust-cache@v2	2026-06-28T00:08:44.2581910Z Received 369098752 of 538417332 (68.6%), 58.6 MBs/sec
Test (macos-latest)	Run Swatinem/rust-cache@v2	2026-06-28T00:08:45.2599430Z Received 440401920 of 538417332 (81.8%), 59.9 MBs/sec
Test (macos-latest)	Run Swatinem/rust-cache@v2	2026-06-28T00:08:46.2625230Z Received 520093696 of 538417332 (96.6%), 61.9 MBs/sec
Test (macos-latest)	Run Swatinem/rust-cache@v2	2026-06-28T00:08:46.7710440Z Received 538417332 of 538417332 (100.0%), 60.3 MBs/sec
Test (macos-latest)	Run Swatinem/rust-cache@v2	2026-06-28T00:08:46.7756430Z Cache Size: ~513 MB (538417332 B)
Test (macos-latest)	Run Swatinem/rust-cache@v2	2026-06-28T00:08:46.7847770Z [command]/opt/homebrew/bin/gtar -xf /Users/runner/work/_temp/03d44c8c-ac0c-4a06-8eec-eff8637b96cd/cache.tzst -P -C /Users/runner/work/rustodian/rustodian --delay-directory-restore --use-compress-program unzstd
Test (macos-latest)	Run Swatinem/rust-cache@v2	2026-06-28T00:08:50.6108490Z Cache restored successfully
Test (macos-latest)	Run Swatinem/rust-cache@v2	2026-06-28T00:08:50.6215870Z Restored from cache key "v0-rust-test-Darwin-arm64-0b75f325-2562d0dd" full match: false.
Test (macos-latest)	Run cargo test --workspace --locked	﻿2026-06-28T00:08:50.6487060Z ##[group]Run cargo test --workspace --locked
Test (macos-latest)	Run cargo test --workspace --locked	2026-06-28T00:08:50.6487490Z ^[[36;1mcargo test --workspace --locked^[[0m
Test (macos-latest)	Run cargo test --workspace --locked	2026-06-28T00:08:50.6528540Z shell: /bin/bash -e {0}
Test (macos-latest)	Run cargo test --workspace --locked	2026-06-28T00:08:50.6528770Z env:
Test (macos-latest)	Run cargo test --workspace --locked	2026-06-28T00:08:50.6528990Z   CARGO_TERM_COLOR: always
Test (macos-latest)	Run cargo test --workspace --locked	2026-06-28T00:08:50.6529240Z   RUSTFLAGS: -Dwarnings
Test (macos-latest)	Run cargo test --workspace --locked	2026-06-28T00:08:50.6529520Z   CARGO_HOME: /Users/runner/.cargo
Test (macos-latest)	Run cargo test --workspace --locked	2026-06-28T00:08:50.6529830Z   CARGO_INCREMENTAL: 0
Test (macos-latest)	Run cargo test --workspace --locked	2026-06-28T00:08:50.6530140Z   CACHE_ON_FAILURE: false
Test (macos-latest)	Run cargo test --workspace --locked	2026-06-28T00:08:50.6530410Z ##[endgroup]
Test (macos-latest)	Run cargo test --workspace --locked	2026-06-28T00:08:51.3177080Z ^[[1m^[[92m    Updating^[[0m crates.io index
Test (macos-latest)	Run cargo test --workspace --locked	2026-06-28T00:08:51.5254100Z ^[[1m^[[91merror^[[0m: cannot update the lock file /Users/runner/work/rustodian/rustodian/Cargo.lock because --locked was passed to prevent this
Test (macos-latest)	Run cargo test --workspace --locked	2026-06-28T00:08:51.5255020Z help: to generate the lock file without accessing the network, remove the --locked flag and use --offline instead.
Test (macos-latest)	Run cargo test --workspace --locked	2026-06-28T00:08:51.5282140Z ##[error]Process completed with exit code 101.
Test (macos-latest)	Post Run actions/checkout@v7	﻿2026-06-28T00:08:51.5425130Z Post job cleanup.
Test (macos-latest)	Post Run actions/checkout@v7	2026-06-28T00:08:51.6847970Z [command]/opt/homebrew/bin/git version
Test (macos-latest)	Post Run actions/checkout@v7	2026-06-28T00:08:51.7044140Z git version 2.54.0
Test (macos-latest)	Post Run actions/checkout@v7	2026-06-28T00:08:51.7063990Z Copying '/Users/runner/.gitconfig' to '/Users/runner/work/_temp/0cc91e8f-45d9-42c4-95e1-7f4d3538a9ef/.gitconfig'
Test (macos-latest)	Post Run actions/checkout@v7	2026-06-28T00:08:51.7071240Z Temporarily overriding HOME='/Users/runner/work/_temp/0cc91e8f-45d9-42c4-95e1-7f4d3538a9ef' before making global git config changes
Test (macos-latest)	Post Run actions/checkout@v7	2026-06-28T00:08:51.7082700Z Adding repository directory to the temporary git global config as a safe directory
Test (macos-latest)	Post Run actions/checkout@v7	2026-06-28T00:08:51.7083360Z [command]/opt/homebrew/bin/git config --global --add safe.directory /Users/runner/work/rustodian/rustodian
Test (macos-latest)	Post Run actions/checkout@v7	2026-06-28T00:08:51.7216020Z Removing SSH command configuration
Test (macos-latest)	Post Run actions/checkout@v7	2026-06-28T00:08:51.7222750Z [command]/opt/homebrew/bin/git config --local --name-only --get-regexp core\.sshCommand
Test (macos-latest)	Post Run actions/checkout@v7	2026-06-28T00:08:51.7296370Z [command]/opt/homebrew/bin/git submodule foreach --recursive sh -c "git config --local --name-only --get-regexp 'core\.sshCommand' && git config --local --unset-all 'core.sshCommand' || :"
Test (macos-latest)	Post Run actions/checkout@v7	2026-06-28T00:08:51.8298690Z Removing HTTP extra header
Test (macos-latest)	Post Run actions/checkout@v7	2026-06-28T00:08:51.8303640Z [command]/opt/homebrew/bin/git config --local --name-only --get-regexp http\.https\:\/\/github\.com\/\.extraheader
Test (macos-latest)	Post Run actions/checkout@v7	2026-06-28T00:08:51.8379150Z [command]/opt/homebrew/bin/git submodule foreach --recursive sh -c "git config --local --name-only --get-regexp 'http\.https\:\/\/github\.com\/\.extraheader' && git config --local --unset-all 'http.https://github.com/.extraheader' || :"
Test (macos-latest)	Post Run actions/checkout@v7	2026-06-28T00:08:51.9922260Z Removing includeIf entries pointing to credentials config files
Test (macos-latest)	Post Run actions/checkout@v7	2026-06-28T00:08:52.0023690Z [command]/opt/homebrew/bin/git config --local --name-only --get-regexp ^includeIf\.gitdir:
Test (macos-latest)	Post Run actions/checkout@v7	2026-06-28T00:08:52.0125910Z includeif.gitdir:/Users/runner/work/rustodian/rustodian/.git.path
Test (macos-latest)	Post Run actions/checkout@v7	2026-06-28T00:08:52.0228120Z includeif.gitdir:/Users/runner/work/rustodian/rustodian/.git/worktrees/*.path
Test (macos-latest)	Post Run actions/checkout@v7	2026-06-28T00:08:52.0331970Z includeif.gitdir:/github/workspace/.git.path
Test (macos-latest)	Post Run actions/checkout@v7	2026-06-28T00:08:52.0433760Z includeif.gitdir:/github/workspace/.git/worktrees/*.path
Test (macos-latest)	Post Run actions/checkout@v7	2026-06-28T00:08:52.0681760Z [command]/opt/homebrew/bin/git config --local --get-all includeif.gitdir:/Users/runner/work/rustodian/rustodian/.git.path
Test (macos-latest)	Post Run actions/checkout@v7	2026-06-28T00:08:52.0786480Z /Users/runner/work/_temp/git-credentials-87614c1d-2805-4103-a8e2-ce349af463a5.config
Test (macos-latest)	Post Run actions/checkout@v7	2026-06-28T00:08:52.0879170Z [command]/opt/homebrew/bin/git config --local --unset includeif.gitdir:/Users/runner/work/rustodian/rustodian/.git.path /Users/runner/work/_temp/git-credentials-87614c1d-2805-4103-a8e2-ce349af463a5.config
Test (macos-latest)	Post Run actions/checkout@v7	2026-06-28T00:08:52.0881350Z [command]/opt/homebrew/bin/git config --local --get-all includeif.gitdir:/Users/runner/work/rustodian/rustodian/.git/worktrees/*.path
Test (macos-latest)	Post Run actions/checkout@v7	2026-06-28T00:08:52.0882390Z /Users/runner/work/_temp/git-credentials-87614c1d-2805-4103-a8e2-ce349af463a5.config
Test (macos-latest)	Post Run actions/checkout@v7	2026-06-28T00:08:52.0886960Z [command]/opt/homebrew/bin/git config --local --unset includeif.gitdir:/Users/runner/work/rustodian/rustodian/.git/worktrees/*.path /Users/runner/work/_temp/git-credentials-87614c1d-2805-4103-a8e2-ce349af463a5.config
Test (macos-latest)	Post Run actions/checkout@v7	2026-06-28T00:08:52.0889000Z [command]/opt/homebrew/bin/git config --local --get-all includeif.gitdir:/github/workspace/.git.path
Test (macos-latest)	Post Run actions/checkout@v7	2026-06-28T00:08:52.0889730Z /github/runner_temp/git-credentials-87614c1d-2805-4103-a8e2-ce349af463a5.config
Test (macos-latest)	Post Run actions/checkout@v7	2026-06-28T00:08:52.0891160Z [command]/opt/homebrew/bin/git config --local --unset includeif.gitdir:/github/workspace/.git.path /github/runner_temp/git-credentials-87614c1d-2805-4103-a8e2-ce349af463a5.config
Test (macos-latest)	Post Run actions/checkout@v7	2026-06-28T00:08:52.0892750Z [command]/opt/homebrew/bin/git config --local --get-all includeif.gitdir:/github/workspace/.git/worktrees/*.path
Test (macos-latest)	Post Run actions/checkout@v7	2026-06-28T00:08:52.0893650Z /github/runner_temp/git-credentials-87614c1d-2805-4103-a8e2-ce349af463a5.config
Test (macos-latest)	Post Run actions/checkout@v7	2026-06-28T00:08:52.0895130Z [command]/opt/homebrew/bin/git config --local --unset includeif.gitdir:/github/workspace/.git/worktrees/*.path /github/runner_temp/git-credentials-87614c1d-2805-4103-a8e2-ce349af463a5.config
Test (macos-latest)	Post Run actions/checkout@v7	2026-06-28T00:08:52.0896820Z [command]/opt/homebrew/bin/git submodule foreach --recursive git config --local --show-origin --name-only --get-regexp remote.origin.url
Test (macos-latest)	Post Run actions/checkout@v7	2026-06-28T00:08:52.1627710Z Removing credentials config '/Users/runner/work/_temp/git-credentials-87614c1d-2805-4103-a8e2-ce349af463a5.config'
Test (macos-latest)	Complete job	﻿2026-06-28T00:08:52.1730790Z Cleaning up orphan processes
